2025-07-20 17:48:58.081  INFO 1 - [       main] c.epam.healenium.Application     : Starting Application v3.4.6 using Java 22.0.2 with PID 1 (/healenium-backend.jar started by root in /) 
2025-07-20 17:48:58.227  INFO 1 - [       main] c.epam.healenium.Application     : No active profile set, falling back to 1 default profile: "default" 
2025-07-20 17:49:04.380  INFO 1 - [       main] .RepositoryConfigurationDelegate : Bootstrapping Spring Data JPA repositories in DEFAULT mode. 
2025-07-20 17:49:05.659  INFO 1 - [       main] .RepositoryConfigurationDelegate : Finished Spring Data repository scanning in 1161 ms. Found 4 JPA repository interfaces. 
2025-07-20 17:49:17.371  INFO 1 - [       main] o.s.b.w.e.t.TomcatWebServer      : Tomcat initialized with port 7878 (http) 
2025-07-20 17:49:17.439  INFO 1 - [       main] o.a.c.core.StandardService       : Starting service [Tomcat] 
2025-07-20 17:49:17.440  INFO 1 - [       main] o.a.c.core.StandardEngine        : Starting Servlet engine: [Apache Tomcat/10.1.30] 
2025-07-20 17:49:17.627  INFO 1 - [       main] o.a.c.c.C.[.[localhost].[/]      : Initializing Spring embedded WebApplicationContext 
2025-07-20 17:49:17.628  INFO 1 - [       main] rvletWebServerApplicationContext : Root WebApplicationContext: initialization completed in 19189 ms 
2025-07-20 17:49:20.015  INFO 1 - [       main] c.z.hikari.HikariDataSource      : HikariPool-1 - Starting... 
2025-07-20 17:49:21.578  INFO 1 - [       main] c.z.hikari.HikariDataSource      : HikariPool-1 - Start completed. 
2025-07-20 17:49:22.075  INFO 1 - [       main] liquibase.database               : Set default schema name to healenium 
2025-07-20 17:49:24.843  INFO 1 - [       main] liquibase.changelog              : Creating database history table with name: healenium.databasechangelog 
2025-07-20 17:49:24.952  INFO 1 - [       main] liquibase.changelog              : Reading from healenium.databasechangelog 
2025-07-20 17:49:25.339  INFO 1 - [       main] liquibase.lockservice            : Successfully acquired change log lock 
2025-07-20 17:49:25.350  INFO 1 - [       main] liquibase.command                : Using deploymentId: 3022965348 
2025-07-20 17:49:25.354  INFO 1 - [       main] liquibase.changelog              : Reading from healenium.databasechangelog 
2025-07-20 17:49:25.636  INFO 1 - [       main] liquibase.ui                     : Running Changeset: changelog/001_createSequence.xml::3::nkobzev 
2025-07-20 17:49:25.679  INFO 1 - [       main] liquibase.changelog              : Sequence healing_result_seq created 
2025-07-20 17:49:25.690  INFO 1 - [       main] liquibase.changelog              : ChangeSet changelog/001_createSequence.xml::3::nkobzev ran successfully in 45ms 
2025-07-20 17:49:25.784  INFO 1 - [       main] liquibase.ui                     : Running Changeset: changelog/002_selector.xml::5::nkobzev 
2025-07-20 17:49:25.831  INFO 1 - [       main] liquibase.changelog              : Table SELECTOR created 
2025-07-20 17:49:25.852  INFO 1 - [       main] liquibase.changelog              : ChangeSet changelog/002_selector.xml::5::nkobzev ran successfully in 63ms 
2025-07-20 17:49:25.931  INFO 1 - [       main] liquibase.ui                     : Running Changeset: changelog/002_selector.xml::6::nkobzev 
2025-07-20 17:49:26.205  INFO 1 - [       main] liquibase.changelog              : Index SELECTOR_PK created 
2025-07-20 17:49:26.220  INFO 1 - [       main] liquibase.changelog              : ChangeSet changelog/002_selector.xml::6::nkobzev ran successfully in 285ms 
2025-07-20 17:49:26.293  INFO 1 - [       main] liquibase.ui                     : Running Changeset: changelog/003_healing.xml::7::nkobzev 
2025-07-20 17:49:26.375  INFO 1 - [       main] liquibase.changelog              : Table HEALING created 
2025-07-20 17:49:26.381  INFO 1 - [       main] liquibase.changelog              : ChangeSet changelog/003_healing.xml::7::nkobzev ran successfully in 82ms 
2025-07-20 17:49:26.449  INFO 1 - [       main] liquibase.ui                     : Running Changeset: changelog/003_healing.xml::8::nkobzev 
2025-07-20 17:49:26.579  INFO 1 - [       main] liquibase.changelog              : Index HEALING_PK created 
2025-07-20 17:49:26.596  INFO 1 - [       main] liquibase.changelog              : Foreign key constraint added to HEALING (SELECTOR_ID) 
2025-07-20 17:49:26.598  INFO 1 - [       main] liquibase.changelog              : ChangeSet changelog/003_healing.xml::8::nkobzev ran successfully in 141ms 
2025-07-20 17:49:26.656  INFO 1 - [       main] liquibase.ui                     : Running Changeset: changelog/004_healingResult.xml::9::nkobzev 
2025-07-20 17:49:26.703  INFO 1 - [       main] liquibase.changelog              : Table HEALING_RESULT created 
2025-07-20 17:49:26.704  INFO 1 - [       main] liquibase.changelog              : ChangeSet changelog/004_healingResult.xml::9::nkobzev ran successfully in 44ms 
2025-07-20 17:49:26.720  INFO 1 - [       main] liquibase.ui                     : Running Changeset: changelog/004_healingResult.xml::10::nkobzev 
2025-07-20 17:49:26.770  INFO 1 - [       main] liquibase.changelog              : Index HEALING_RESULT_PK created 
2025-07-20 17:49:26.775  INFO 1 - [       main] liquibase.changelog              : Foreign key constraint added to HEALING_RESULT (HEALING_ID) 
2025-07-20 17:49:26.777  INFO 1 - [       main] liquibase.changelog              : ChangeSet changelog/004_healingResult.xml::10::nkobzev ran successfully in 53ms 
2025-07-20 17:49:26.790  INFO 1 - [       main] liquibase.ui                     : Running Changeset: changelog/005_report.xml::11::nkobzev 
2025-07-20 17:49:26.803  INFO 1 - [       main] liquibase.changelog              : Table REPORT created 
2025-07-20 17:49:26.805  INFO 1 - [       main] liquibase.changelog              : ChangeSet changelog/005_report.xml::11::nkobzev ran successfully in 11ms 
2025-07-20 17:49:26.818  INFO 1 - [       main] liquibase.ui                     : Running Changeset: changelog/005_report.xml::12::nkobzev 
2025-07-20 17:49:26.851  INFO 1 - [       main] liquibase.changelog              : Index REPORT_PK created 
2025-07-20 17:49:26.853  INFO 1 - [       main] liquibase.changelog              : ChangeSet changelog/005_report.xml::12::nkobzev ran successfully in 31ms 
2025-07-20 17:49:26.864  INFO 1 - [       main] liquibase.ui                     : Running Changeset: changelog/006_command_and_healingenable_column.xml::13::nkobzev 
2025-07-20 17:49:26.869  INFO 1 - [       main] liquibase.changelog              : Columns COMMAND(VARCHAR(264)),ENABLE_HEALING(BOOLEAN) added to SELECTOR 
2025-07-20 17:49:26.871  INFO 1 - [       main] liquibase.changelog              : ChangeSet changelog/006_command_and_healingenable_column.xml::13::nkobzev ran successfully in 5ms 
2025-07-20 17:49:26.896  INFO 1 - [       main] liquibase.util                   : UPDATE SUMMARY 
2025-07-20 17:49:26.898  INFO 1 - [       main] liquibase.util                   : Run:                         10 
2025-07-20 17:49:26.899  INFO 1 - [       main] liquibase.util                   : Previously run:               0 
2025-07-20 17:49:26.899  INFO 1 - [       main] liquibase.util                   : Filtered out:                 0 
2025-07-20 17:49:26.899  INFO 1 - [       main] liquibase.util                   : ------------------------------- 
2025-07-20 17:49:26.899  INFO 1 - [       main] liquibase.util                   : Total change sets:           10 
2025-07-20 17:49:26.900  INFO 1 - [       main] liquibase.util                   : Update summary generated 
2025-07-20 17:49:26.907  INFO 1 - [       main] liquibase.command                : Update command completed successfully. 
2025-07-20 17:49:26.907  INFO 1 - [       main] liquibase.ui                     : Liquibase: Update has been successful. Rows affected: 10 
2025-07-20 17:49:26.918  INFO 1 - [       main] liquibase.lockservice            : Successfully released change log lock 
2025-07-20 17:49:26.921  INFO 1 - [       main] liquibase.command                : Command execution complete 
2025-07-20 17:49:27.670  INFO 1 - [       main] o.h.j.internal.util.LogHelper    : HHH000204: Processing PersistenceUnitInfo [name: default] 
2025-07-20 17:49:27.907  INFO 1 - [       main] org.hibernate.Version            : HHH000412: Hibernate ORM core version 6.5.3.Final 
2025-07-20 17:49:28.005  INFO 1 - [       main] o.h.c.i.RegionFactoryInitiator   : HHH000026: Second-level cache disabled 
2025-07-20 17:49:30.118  INFO 1 - [       main] .o.j.p.SpringPersistenceUnitInfo : No LoadTimeWeaver setup: ignoring JPA class transformer 
2025-07-20 17:49:30.180  WARN 1 - [       main] org.hibernate.orm.deprecation    : HHH90000021: Encountered deprecated setting [hibernate.temp.use_jdbc_metadata_defaults], use [hibernate.boot.allow_jdbc_metadata_access] instead 
2025-07-20 17:49:30.250  WARN 1 - [       main] org.hibernate.orm.deprecation    : HHH90000025: PostgreSQLDialect does not need to be specified explicitly using 'hibernate.dialect' (remove the property setting and it will be selected by default) 
2025-07-20 17:49:35.321  WARN 1 - [       main] o.h.m.internal.MetadataContext   : HHH015011: Unable to locate static metamodel field : com.epam.healenium.model.domain.Selector_#nodePathWrapper; this may or may not indicate a problem with the static metamodel 
2025-07-20 17:49:35.406  INFO 1 - [       main] h.e.t.j.p.i.JtaPlatformInitiator : HHH000489: No JTA platform available (set 'hibernate.transaction.jta.platform' to enable JTA platform integration) 
2025-07-20 17:49:35.436  INFO 1 - [       main] ontainerEntityManagerFactoryBean : Initialized JPA EntityManagerFactory for persistence unit 'default' 
2025-07-20 17:49:38.237  INFO 1 - [       main] o.s.d.j.r.q.QueryEnhancerFactory : Hibernate is in classpath; If applicable, HQL parser will be used. 
2025-07-20 17:49:41.847  INFO 1 - [       main] .a.w.s.WelcomePageHandlerMapping : Adding welcome page template: index 
2025-07-20 17:49:45.806  INFO 1 - [       main] .s.b.a.e.w.EndpointLinksResolver : Exposing 1 endpoint beneath base path '/actuator' 
2025-07-20 17:49:46.506  INFO 1 - [       main] o.s.b.w.e.t.TomcatWebServer      : Tomcat started on port 7878 (http) with context path '/' 
2025-07-20 17:49:46.829  INFO 1 - [       main] c.epam.healenium.Application     : Started Application in 50.678 seconds (process running for 60.408) 
2025-07-20 20:32:04.739  INFO 1 - [7878-exec-1] o.a.c.c.C.[.[localhost].[/]      : Initializing Spring DispatcherServlet 'dispatcherServlet' 
2025-07-20 20:32:04.755  INFO 1 - [7878-exec-1] o.s.w.s.DispatcherServlet        : Initializing Servlet 'dispatcherServlet' 
2025-07-20 20:32:04.803  INFO 1 - [7878-exec-1] o.s.w.s.DispatcherServlet        : Completed initialization in 47 ms 
2025-07-20 20:39:40.331  INFO 1 - [7878-exec-7] healenium                        : [Save Elements] Request: By.xpath(//input[@name="username"]) 
2025-07-20 20:39:40.782  INFO 1 - [7878-exec-8] healenium                        : [Save Elements] Request: By.xpath(//input[@name="password"]) 
2025-07-20 20:39:40.869  INFO 1 - [7878-exec-9] healenium                        : [Save Elements] Request: By.xpath(//button[text() = ' Login ']) 
2025-07-20 20:39:43.995  INFO 1 - [878-exec-10] healenium                        : [Save Elements] Request: By.xpath(//input[@name="username"]) 
2025-07-20 20:39:49.234  INFO 1 - [7878-exec-1] healenium                        : [Save Elements] Request: By.xpath(//input[@name="password"]) 
2025-07-20 20:39:49.327  INFO 1 - [7878-exec-2] healenium                        : [Save Elements] Request: By.xpath(//button[text() = ' Login ']) 
2025-07-20 20:39:50.985  INFO 1 - [7878-exec-4] healenium                        : [Save Elements] Request: By.xpath(//i[@class='oxd-icon bi-caret-down-fill oxd-userdropdown-icon']) 
2025-07-20 20:39:51.057  INFO 1 - [7878-exec-5] healenium                        : [Save Elements] Request: By.xpath(//a[@class='oxd-userdropdown-link' and text() = 'Logout']) 
2025-07-20 20:43:29.215  INFO 1 - [7878-exec-9] healenium                        : [Save Elements] Request: By.xpath(//input[@name="username"]) 
2025-07-20 20:43:29.407  INFO 1 - [878-exec-10] healenium                        : [Save Elements] Request: By.xpath(//input[@name="password"]) 
2025-07-20 20:43:29.480  INFO 1 - [7878-exec-1] healenium                        : [Save Elements] Request: By.xpath(//button[text() = ' Login ']) 
2025-07-20 20:43:32.604  INFO 1 - [7878-exec-2] healenium                        : [Save Elements] Request: By.xpath(//input[@name="username"]) 
2025-07-20 20:43:37.735  INFO 1 - [7878-exec-3] healenium                        : [Save Elements] Request: By.xpath(//input[@name="password"]) 
2025-07-20 20:43:37.835  INFO 1 - [7878-exec-4] healenium                        : [Save Elements] Request: By.xpath(//button[text() = ' Login ']) 
2025-07-20 20:43:39.620  INFO 1 - [7878-exec-6] healenium                        : [Save Elements] Request: By.xpath(//i[@class='oxd-icon bi-caret-down-fill oxd-userdropdown-icon']) 
2025-07-20 20:43:39.692  INFO 1 - [7878-exec-7] healenium                        : [Save Elements] Request: By.xpath(//a[@class='oxd-userdropdown-link' and text() = 'Logout']) 
2025-07-20 20:43:40.243  INFO 1 - [7878-exec-8] healenium                        : [Save Elements] Request: By.xpath(//a[@class='oxd-userdropdown-link' and text() = 'Logout']) 
2025-07-20 20:43:40.844  INFO 1 - [7878-exec-9] healenium                        : [Save Elements] Request: By.xpath(//a[@class='oxd-userdropdown-link' and text() = 'Logout']) 
2025-07-20 20:43:41.517  INFO 1 - [878-exec-10] healenium                        : [Save Elements] Request: By.xpath(//a[@class='oxd-userdropdown-link' and text() = 'Logout']) 
2025-07-20 20:43:42.070  INFO 1 - [7878-exec-1] healenium                        : [Save Elements] Request: By.xpath(//a[@class='oxd-userdropdown-link' and text() = 'Logout']) 
2025-07-20 20:43:42.645  INFO 1 - [7878-exec-2] healenium                        : [Save Elements] Request: By.xpath(//a[@class='oxd-userdropdown-link' and text() = 'Logout']) 
2025-07-20 20:43:43.199  INFO 1 - [7878-exec-3] healenium                        : [Save Elements] Request: By.xpath(//a[@class='oxd-userdropdown-link' and text() = 'Logout']) 
2025-07-20 20:43:43.751  INFO 1 - [7878-exec-4] healenium                        : [Save Elements] Request: By.xpath(//a[@class='oxd-userdropdown-link' and text() = 'Logout']) 
2025-07-20 20:43:44.307  INFO 1 - [7878-exec-5] healenium                        : [Save Elements] Request: By.xpath(//a[@class='oxd-userdropdown-link' and text() = 'Logout']) 
2025-07-20 20:43:44.857  INFO 1 - [7878-exec-6] healenium                        : [Save Elements] Request: By.xpath(//a[@class='oxd-userdropdown-link' and text() = 'Logout']) 
2025-07-20 20:43:45.424  INFO 1 - [7878-exec-7] healenium                        : [Save Elements] Request: By.xpath(//a[@class='oxd-userdropdown-link' and text() = 'Logout']) 
2025-07-20 20:43:45.994  INFO 1 - [7878-exec-8] healenium                        : [Save Elements] Request: By.xpath(//a[@class='oxd-userdropdown-link' and text() = 'Logout']) 
2025-07-20 20:43:46.556  INFO 1 - [7878-exec-9] healenium                        : [Save Elements] Request: By.xpath(//a[@class='oxd-userdropdown-link' and text() = 'Logout']) 
2025-07-20 20:43:47.106  INFO 1 - [878-exec-10] healenium                        : [Save Elements] Request: By.xpath(//a[@class='oxd-userdropdown-link' and text() = 'Logout']) 
2025-07-20 20:43:47.650  INFO 1 - [7878-exec-1] healenium                        : [Save Elements] Request: By.xpath(//a[@class='oxd-userdropdown-link' and text() = 'Logout']) 
2025-07-20 20:43:48.241  INFO 1 - [7878-exec-2] healenium                        : [Save Elements] Request: By.xpath(//a[@class='oxd-userdropdown-link' and text() = 'Logout']) 
2025-07-20 20:43:48.815  INFO 1 - [7878-exec-3] healenium                        : [Save Elements] Request: By.xpath(//a[@class='oxd-userdropdown-link' and text() = 'Logout']) 
2025-07-20 20:43:49.362  INFO 1 - [7878-exec-4] healenium                        : [Save Elements] Request: By.xpath(//a[@class='oxd-userdropdown-link' and text() = 'Logout']) 
2025-07-20 20:43:49.906  INFO 1 - [7878-exec-5] healenium                        : [Save Elements] Request: By.xpath(//a[@class='oxd-userdropdown-link' and text() = 'Logout']) 
2025-07-20 20:43:50.485  INFO 1 - [7878-exec-6] healenium                        : [Save Elements] Request: By.xpath(//a[@class='oxd-userdropdown-link' and text() = 'Logout']) 
2025-07-20 20:43:52.023  INFO 1 - [7878-exec-8] healenium                        : [Save Elements] Request: By.xpath(//input[@name="username"]) 
2025-07-20 20:43:52.475  INFO 1 - [7878-exec-9] healenium                        : [Save Elements] Request: By.xpath(//input[@name="username"]) 
2025-07-20 20:43:52.521  INFO 1 - [878-exec-10] healenium                        : [Save Elements] Request: By.xpath(//input[@name="password"]) 
2025-07-20 20:43:52.586  INFO 1 - [7878-exec-1] healenium                        : [Save Elements] Request: By.xpath(//button[text() = ' Login ']) 
2025-07-20 20:43:54.801  INFO 1 - [7878-exec-4] healenium                        : [Save Elements] Request: By.xpath(//div[@title="Timesheets"]/../button) 
2025-07-20 20:43:55.821  INFO 1 - [7878-exec-6] healenium                        : [Save Elements] Request: By.xpath(//h6[text()="Select Employee"]) 
2025-07-20 20:43:56.414  INFO 1 - [7878-exec-8] healenium                        : [Save Elements] Request: By.xpath((//button[text() = ' View '])[2]) 
2025-07-20 20:43:58.469  INFO 1 - [7878-exec-2] healenium                        : [Save Elements] Request: By.xpath(//*[text()=' Edit ']) 
2025-07-20 20:43:59.961  INFO 1 - [7878-exec-5] healenium                        : [Save Elements] Request: By.xpath(//*[@class="oxd-icon-button orangehrm-timesheet-icon"]) 
2025-07-20 20:44:00.048  INFO 1 - [7878-exec-6] healenium                        : [Save Elements] Request: By.xpath(//input[@placeholder="Type for hints..."]) 
2025-07-20 20:44:02.161  INFO 1 - [7878-exec-7] healenium                        : [Save Elements] Request: By.xpath(//div[@class="oxd-autocomplete-wrapper"]/div[2]/div) 
2025-07-20 20:44:02.244  INFO 1 - [7878-exec-8] healenium                        : [Save Elements] Request: By.xpath(//div[text()='-- Select --']) 
2025-07-20 20:44:04.316  INFO 1 - [7878-exec-9] healenium                        : [Save Elements] Request: By.xpath(//div[@class="oxd-select-option"]) 
2025-07-20 20:44:04.351  INFO 1 - [878-exec-10] healenium                        : [Save Elements] Request: By.xpath(//div[@class="oxd-select-option"]) 
2025-07-20 20:44:04.427  INFO 1 - [7878-exec-1] healenium                        : [Save Elements] Request: By.xpath(//div[@class="oxd-select-option"]) 
2025-07-20 20:44:04.530  INFO 1 - [7878-exec-2] healenium                        : [Save Elements] Request: By.xpath(//input[@class="oxd-input oxd-input--active"][@autocomplete="off"]) 
2025-07-20 20:44:04.615  INFO 1 - [7878-exec-3] healenium                        : [Save Elements] Request: By.xpath(//input[@class="oxd-input oxd-input--active"][@autocomplete="off"]) 
2025-07-20 20:44:04.889  INFO 1 - [7878-exec-4] healenium                        : [Save Elements] Request: By.xpath(//*[text()=' Save ']) 
2025-07-20 20:44:09.294  INFO 1 - [7878-exec-3] healenium                        : [Save Elements] Request: By.xpath(//*[text()='Status: Submitted']) 
2025-07-20 20:44:09.333  INFO 1 - [7878-exec-4] healenium                        : [Save Elements] Request: By.xpath((//li[@class='oxd-main-menu-item-wrapper'])[6]/a/span) 
2025-07-20 20:44:11.613  INFO 1 - [7878-exec-5] healenium                        : [Save Elements] Request: By.xpath(//i[@class='oxd-icon bi-caret-down-fill oxd-userdropdown-icon']) 
2025-07-20 20:44:11.734  INFO 1 - [7878-exec-6] healenium                        : [Save Elements] Request: By.xpath(//a[@class='oxd-userdropdown-link' and text() = 'Logout']) 
2025-07-20 20:44:13.113  INFO 1 - [7878-exec-8] healenium                        : [Save Elements] Request: By.xpath(//input[@name="username"]) 
2025-07-20 20:46:00.859  INFO 1 - [7878-exec-3] healenium                        : [Save Elements] Request: By.xpath(//input[@name="username"]) 
2025-07-20 20:46:01.429  INFO 1 - [7878-exec-4] healenium                        : [Save Elements] Request: By.xpath(//input[@name="password"]) 
2025-07-20 20:49:37.335  INFO 1 - [7878-exec-4] healenium                        : [Save Elements] Request: By.xpath(//input[@name="username"]) 
2025-07-20 20:49:37.554  INFO 1 - [7878-exec-5] healenium                        : [Save Elements] Request: By.xpath(//input[@name="password"]) 
2025-07-20 20:49:37.623  INFO 1 - [7878-exec-6] healenium                        : [Save Elements] Request: By.xpath(//button[text() = ' Login ']) 
2025-07-20 20:49:40.731  INFO 1 - [7878-exec-7] healenium                        : [Save Elements] Request: By.xpath(//input[@name="username"]) 
2025-07-20 20:49:45.930  INFO 1 - [7878-exec-8] healenium                        : [Save Elements] Request: By.xpath(//input[@name="password"]) 
2025-07-20 20:49:46.040  INFO 1 - [7878-exec-9] healenium                        : [Save Elements] Request: By.xpath(//button[text() = ' Login ']) 
2025-07-20 20:49:47.791  INFO 1 - [7878-exec-1] healenium                        : [Save Elements] Request: By.xpath(//i[@class='oxd-icon bi-caret-down-fill oxd-userdropdown-icon']) 
2025-07-20 20:49:47.850  INFO 1 - [7878-exec-2] healenium                        : [Save Elements] Request: By.xpath(//a[@class='oxd-userdropdown-link' and text() = 'Logout']) 
2025-07-20 20:49:48.391  INFO 1 - [7878-exec-3] healenium                        : [Save Elements] Request: By.xpath(//a[@class='oxd-userdropdown-link' and text() = 'Logout']) 
2025-07-20 20:49:51.621  INFO 1 - [7878-exec-5] healenium                        : [Save Elements] Request: By.xpath(//input[@name="username"]) 
2025-07-20 20:49:52.121  INFO 1 - [7878-exec-6] healenium                        : [Save Elements] Request: By.xpath(//input[@name="username"]) 
2025-07-20 20:49:52.172  INFO 1 - [7878-exec-7] healenium                        : [Save Elements] Request: By.xpath(//input[@name="password"]) 
2025-07-20 20:49:52.219  INFO 1 - [7878-exec-8] healenium                        : [Save Elements] Request: By.xpath(//button[text() = ' Login ']) 
2025-07-20 20:50:08.566  INFO 1 - [7878-exec-5] healenium                        : [Save Elements] Request: By.xpath(//i[@class='oxd-icon bi-caret-down-fill oxd-userdropdown-icon']) 
2025-07-20 20:51:04.247  INFO 1 - [878-exec-10] healenium                        : [Save Elements] Request: By.xpath(//input[@name="username"]) 
2025-07-20 20:51:04.545  INFO 1 - [7878-exec-1] healenium                        : [Save Elements] Request: By.xpath(//input[@name="password"]) 
2025-07-20 20:51:04.698  INFO 1 - [7878-exec-2] healenium                        : [Save Elements] Request: By.xpath(//button[text() = ' Login ']) 
2025-07-20 20:51:08.602  INFO 1 - [7878-exec-3] healenium                        : [Save Elements] Request: By.xpath(//input[@name="username"]) 
2025-07-20 20:51:13.711  INFO 1 - [7878-exec-4] healenium                        : [Save Elements] Request: By.xpath(//input[@name="password"]) 
2025-07-20 20:51:13.775  INFO 1 - [7878-exec-5] healenium                        : [Save Elements] Request: By.xpath(//button[text() = ' Login ']) 
2025-07-20 20:51:15.430  INFO 1 - [7878-exec-7] healenium                        : [Save Elements] Request: By.xpath(//i[@class='oxd-icon bi-caret-down-fill oxd-userdropdown-icon']) 
2025-07-20 20:51:15.529  INFO 1 - [7878-exec-8] healenium                        : [Save Elements] Request: By.xpath(//a[@class='oxd-userdropdown-link' and text() = 'Logout']) 
2025-07-20 20:51:18.623  INFO 1 - [878-exec-10] healenium                        : [Save Elements] Request: By.xpath(//input[@name="username"]) 
2025-07-20 20:51:19.077  INFO 1 - [7878-exec-1] healenium                        : [Save Elements] Request: By.xpath(//input[@name="username"]) 
2025-07-20 20:51:19.127  INFO 1 - [7878-exec-2] healenium                        : [Save Elements] Request: By.xpath(//input[@name="password"]) 
2025-07-20 20:51:19.183  INFO 1 - [7878-exec-3] healenium                        : [Save Elements] Request: By.xpath(//button[text() = ' Login ']) 
2025-07-20 20:51:21.010  INFO 1 - [7878-exec-5] healenium                        : [Save Elements] Request: By.xpath(//div[@title="Timesheets"]/../button) 
2025-07-20 20:51:22.041  INFO 1 - [7878-exec-7] healenium                        : [Save Elements] Request: By.xpath(//h6[text()="Select Employee"]) 
2025-07-20 20:51:22.635  INFO 1 - [7878-exec-9] healenium                        : [Save Elements] Request: By.xpath((//button[text() = ' View '])[2]) 
2025-07-20 20:51:32.430  INFO 1 - [7878-exec-2] healenium                        : [Save Elements] Request: By.xpath((//li[@class='oxd-main-menu-item-wrapper'])[6]/a/span) 
2025-07-20 20:51:34.443  INFO 1 - [7878-exec-3] healenium                        : [Save Elements] Request: By.xpath(//i[@class='oxd-icon bi-caret-down-fill oxd-userdropdown-icon']) 
2025-07-20 20:51:34.570  INFO 1 - [7878-exec-4] healenium                        : [Save Elements] Request: By.xpath(//a[@class='oxd-userdropdown-link' and text() = 'Logout']) 
2025-07-20 20:51:36.114  INFO 1 - [7878-exec-6] healenium                        : [Save Elements] Request: By.xpath(//input[@name="username"]) 
2025-07-20 20:51:59.447  INFO 1 - [7878-exec-1] healenium                        : [Save Elements] Request: By.xpath(//input[@name="username"]) 
2025-07-20 20:56:27.905  INFO 1 - [878-exec-10] healenium                        : [Save Elements] Request: By.xpath(//input[@name="username"]) 
2025-07-20 20:56:28.052  INFO 1 - [7878-exec-1] healenium                        : [Save Elements] Request: By.xpath(//input[@name="password"]) 
2025-07-20 20:56:28.894  INFO 1 - [7878-exec-3] healenium                        : [Save Elements] Request: By.xpath(//button[text() = ' Login ']) 
2025-07-20 20:56:32.066  INFO 1 - [7878-exec-2] healenium                        : [Save Elements] Request: By.xpath(//input[@name="username"]) 
2025-07-20 20:56:37.174  INFO 1 - [7878-exec-4] healenium                        : [Save Elements] Request: By.xpath(//input[@name="password"]) 
2025-07-20 20:56:37.252  INFO 1 - [7878-exec-5] healenium                        : [Save Elements] Request: By.xpath(//button[text() = ' Login ']) 
2025-07-20 20:56:38.934  INFO 1 - [7878-exec-7] healenium                        : [Save Elements] Request: By.xpath(//i[@class='oxd-icon bi-caret-down-fill oxd-userdropdown-icon']) 
2025-07-20 20:56:38.992  INFO 1 - [7878-exec-8] healenium                        : [Save Elements] Request: By.xpath(//a[@class='oxd-userdropdown-link' and text() = 'Logout']) 
2025-07-20 20:56:39.521  INFO 1 - [7878-exec-9] healenium                        : [Save Elements] Request: By.xpath(//a[@class='oxd-userdropdown-link' and text() = 'Logout']) 
2025-07-20 20:56:40.966  INFO 1 - [7878-exec-1] healenium                        : [Save Elements] Request: By.xpath(//input[@name="username"]) 
2025-07-20 20:56:41.389  INFO 1 - [7878-exec-3] healenium                        : [Save Elements] Request: By.xpath(//input[@name="username"]) 
2025-07-20 20:56:41.426  INFO 1 - [7878-exec-2] healenium                        : [Save Elements] Request: By.xpath(//input[@name="password"]) 
2025-07-20 20:56:41.476  INFO 1 - [7878-exec-4] healenium                        : [Save Elements] Request: By.xpath(//button[text() = ' Login ']) 
2025-07-20 20:56:46.923  INFO 1 - [7878-exec-5] healenium                        : [Save Elements] Request: By.xpath(//i[@class='oxd-icon bi-caret-down-fill oxd-userdropdown-icon']) 
2025-07-20 20:56:46.997  INFO 1 - [7878-exec-6] healenium                        : [Save Elements] Request: By.xpath(//a[@class='oxd-userdropdown-link' and text() = 'Logout']) 
2025-07-20 20:56:48.331  INFO 1 - [7878-exec-8] healenium                        : [Save Elements] Request: By.xpath(//input[@name="username"]) 
2025-07-20 20:57:11.182  INFO 1 - [7878-exec-2] healenium                        : [Save Elements] Request: By.xpath(//input[@name="username"]) 
2025-07-20 20:57:11.364  INFO 1 - [7878-exec-4] healenium                        : [Save Elements] Request: By.xpath(//input[@name="password"]) 
2025-07-20 20:57:11.447  INFO 1 - [7878-exec-5] healenium                        : [Save Elements] Request: By.xpath(//button[text() = ' Login ']) 
2025-07-20 20:57:14.546  INFO 1 - [7878-exec-6] healenium                        : [Save Elements] Request: By.xpath(//input[@name="username"]) 
2025-07-20 20:57:19.624  INFO 1 - [7878-exec-7] healenium                        : [Save Elements] Request: By.xpath(//input[@name="password"]) 
2025-07-20 20:57:19.680  INFO 1 - [7878-exec-8] healenium                        : [Save Elements] Request: By.xpath(//button[text() = ' Login ']) 
2025-07-20 20:57:21.502  INFO 1 - [878-exec-10] healenium                        : [Save Elements] Request: By.xpath(//i[@class='oxd-icon bi-caret-down-fill oxd-userdropdown-icon']) 
2025-07-20 20:57:21.567  INFO 1 - [7878-exec-1] healenium                        : [Save Elements] Request: By.xpath(//a[@class='oxd-userdropdown-link' and text() = 'Logout']) 
2025-07-20 20:57:22.116  INFO 1 - [7878-exec-3] healenium                        : [Save Elements] Request: By.xpath(//a[@class='oxd-userdropdown-link' and text() = 'Logout']) 
2025-07-20 20:57:23.801  INFO 1 - [7878-exec-4] healenium                        : [Save Elements] Request: By.xpath(//input[@name="username"]) 
2025-07-20 20:57:24.208  INFO 1 - [7878-exec-5] healenium                        : [Save Elements] Request: By.xpath(//input[@name="username"]) 
2025-07-20 20:57:24.243  INFO 1 - [7878-exec-6] healenium                        : [Save Elements] Request: By.xpath(//input[@name="password"]) 
2025-07-20 20:57:24.286  INFO 1 - [7878-exec-7] healenium                        : [Save Elements] Request: By.xpath(//button[text() = ' Login ']) 
2025-07-20 20:57:29.506  INFO 1 - [7878-exec-8] healenium                        : [Save Elements] Request: By.xpath(//i[@class='oxd-icon bi-caret-down-fill oxd-userdropdown-icon']) 
2025-07-20 20:57:29.564  INFO 1 - [7878-exec-9] healenium                        : [Save Elements] Request: By.xpath(//a[@class='oxd-userdropdown-link' and text() = 'Logout']) 
2025-07-20 20:57:30.888  INFO 1 - [7878-exec-1] healenium                        : [Save Elements] Request: By.xpath(//input[@name="username"]) 
2025-07-20 20:57:45.006  INFO 1 - [7878-exec-6] healenium                        : [Save Elements] Request: By.xpath(//input[@name="username"]) 
2025-07-20 20:57:45.154  INFO 1 - [7878-exec-7] healenium                        : [Save Elements] Request: By.xpath(//input[@name="password"]) 
2025-07-20 20:57:45.213  INFO 1 - [7878-exec-8] healenium                        : [Save Elements] Request: By.xpath(//button[text() = ' Login ']) 
2025-07-20 20:57:49.105  INFO 1 - [7878-exec-9] healenium                        : [Save Elements] Request: By.xpath(//input[@name="username"]) 
2025-07-20 20:57:54.184  INFO 1 - [878-exec-10] healenium                        : [Save Elements] Request: By.xpath(//input[@name="password"]) 
2025-07-20 20:57:54.237  INFO 1 - [7878-exec-1] healenium                        : [Save Elements] Request: By.xpath(//button[text() = ' Login ']) 
2025-07-20 20:57:55.959  INFO 1 - [7878-exec-2] healenium                        : [Save Elements] Request: By.xpath(//i[@class='oxd-icon bi-caret-down-fill oxd-userdropdown-icon']) 
2025-07-20 20:57:56.025  INFO 1 - [7878-exec-4] healenium                        : [Save Elements] Request: By.xpath(//a[@class='oxd-userdropdown-link' and text() = 'Logout']) 
2025-07-20 20:57:56.578  INFO 1 - [7878-exec-5] healenium                        : [Save Elements] Request: By.xpath(//a[@class='oxd-userdropdown-link' and text() = 'Logout']) 
2025-07-20 20:57:58.245  INFO 1 - [7878-exec-7] healenium                        : [Save Elements] Request: By.xpath(//input[@name="username"]) 
2025-07-20 20:57:58.681  INFO 1 - [7878-exec-8] healenium                        : [Save Elements] Request: By.xpath(//input[@name="username"]) 
2025-07-20 20:57:58.723  INFO 1 - [7878-exec-9] healenium                        : [Save Elements] Request: By.xpath(//input[@name="password"]) 
2025-07-20 20:57:58.760  INFO 1 - [878-exec-10] healenium                        : [Save Elements] Request: By.xpath(//button[text() = ' Login ']) 
2025-07-20 20:58:04.086  INFO 1 - [7878-exec-1] healenium                        : [Save Elements] Request: By.xpath(//i[@class='oxd-icon bi-caret-down-fill oxd-userdropdown-icon']) 
2025-07-20 20:58:04.151  INFO 1 - [7878-exec-3] healenium                        : [Save Elements] Request: By.xpath(//a[@class='oxd-userdropdown-link' and text() = 'Logout']) 
2025-07-20 20:58:04.679  INFO 1 - [7878-exec-2] healenium                        : [Save Elements] Request: By.xpath(//a[@class='oxd-userdropdown-link' and text() = 'Logout']) 
2025-07-20 20:58:05.989  INFO 1 - [7878-exec-5] healenium                        : [Save Elements] Request: By.xpath(//input[@name="username"]) 
2025-07-20 20:58:21.646  INFO 1 - [7878-exec-2] healenium                        : [Save Elements] Request: By.xpath(//input[@name="username"]) 
2025-07-20 20:58:21.813  INFO 1 - [7878-exec-4] healenium                        : [Save Elements] Request: By.xpath(//input[@name="password"]) 
2025-07-20 20:58:21.879  INFO 1 - [7878-exec-5] healenium                        : [Save Elements] Request: By.xpath(//button[text() = ' Login ']) 
2025-07-20 20:58:25.739  INFO 1 - [7878-exec-6] healenium                        : [Save Elements] Request: By.xpath(//input[@name="username"]) 
2025-07-20 20:58:30.786  INFO 1 - [7878-exec-7] healenium                        : [Save Elements] Request: By.xpath(//input[@name="password"]) 
2025-07-20 20:58:30.868  INFO 1 - [7878-exec-8] healenium                        : [Save Elements] Request: By.xpath(//button[text() = ' Login ']) 
2025-07-20 20:58:33.044  INFO 1 - [878-exec-10] healenium                        : [Save Elements] Request: By.xpath(//i[@class='oxd-icon bi-caret-down-fill oxd-userdropdown-icon']) 
2025-07-20 20:58:33.102  INFO 1 - [7878-exec-1] healenium                        : [Save Elements] Request: By.xpath(//a[@class='oxd-userdropdown-link' and text() = 'Logout']) 
2025-07-20 20:58:35.939  INFO 1 - [7878-exec-2] healenium                        : [Save Elements] Request: By.xpath(//input[@name="username"]) 
2025-07-20 20:58:36.364  INFO 1 - [7878-exec-4] healenium                        : [Save Elements] Request: By.xpath(//input[@name="username"]) 
2025-07-20 20:58:36.405  INFO 1 - [7878-exec-5] healenium                        : [Save Elements] Request: By.xpath(//input[@name="password"]) 
2025-07-20 20:58:36.456  INFO 1 - [7878-exec-6] healenium                        : [Save Elements] Request: By.xpath(//button[text() = ' Login ']) 
2025-07-20 20:58:50.963  INFO 1 - [7878-exec-8] healenium                        : [Save Elements] Request: By.xpath((//li[@class='oxd-main-menu-item-wrapper'])[6]/a/span) 
2025-07-20 20:58:52.883  INFO 1 - [7878-exec-9] healenium                        : [Save Elements] Request: By.xpath(//i[@class='oxd-icon bi-caret-down-fill oxd-userdropdown-icon']) 
2025-07-20 20:58:52.991  INFO 1 - [878-exec-10] healenium                        : [Save Elements] Request: By.xpath(//a[@class='oxd-userdropdown-link' and text() = 'Logout']) 
2025-07-20 20:58:53.542  INFO 1 - [7878-exec-1] healenium                        : [Save Elements] Request: By.xpath(//a[@class='oxd-userdropdown-link' and text() = 'Logout']) 
2025-07-20 20:58:54.839  INFO 1 - [7878-exec-2] healenium                        : [Save Elements] Request: By.xpath(//input[@name="username"]) 
2025-07-20 20:59:28.803  INFO 1 - [7878-exec-9] healenium                        : [Save Elements] Request: By.xpath(//input[@name="username"]) 
2025-07-20 20:59:28.979  INFO 1 - [878-exec-10] healenium                        : [Save Elements] Request: By.xpath(//input[@name="password"]) 
2025-07-20 20:59:29.070  INFO 1 - [7878-exec-1] healenium                        : [Save Elements] Request: By.xpath(//button[text() = ' Login ']) 
2025-07-20 20:59:32.911  INFO 1 - [7878-exec-3] healenium                        : [Save Elements] Request: By.xpath(//input[@name="username"]) 
2025-07-20 20:59:38.004  INFO 1 - [7878-exec-2] healenium                        : [Save Elements] Request: By.xpath(//input[@name="password"]) 
2025-07-20 20:59:38.077  INFO 1 - [7878-exec-4] healenium                        : [Save Elements] Request: By.xpath(//button[text() = ' Login ']) 
2025-07-20 20:59:40.151  INFO 1 - [7878-exec-6] healenium                        : [Save Elements] Request: By.xpath(//i[@class='oxd-icon bi-caret-down-fill oxd-userdropdown-icon']) 
2025-07-20 20:59:40.230  INFO 1 - [7878-exec-7] healenium                        : [Save Elements] Request: By.xpath(//a[@class='oxd-userdropdown-link' and text() = 'Logout']) 
2025-07-20 20:59:43.385  INFO 1 - [878-exec-10] healenium                        : [Save Elements] Request: By.xpath(//input[@name="username"]) 
2025-07-20 20:59:43.929  INFO 1 - [7878-exec-1] healenium                        : [Save Elements] Request: By.xpath(//input[@name="username"]) 
2025-07-20 20:59:43.982  INFO 1 - [7878-exec-3] healenium                        : [Save Elements] Request: By.xpath(//input[@name="password"]) 
2025-07-20 20:59:44.044  INFO 1 - [7878-exec-2] healenium                        : [Save Elements] Request: By.xpath(//button[text() = ' Login ']) 
2025-07-20 20:59:50.350  INFO 1 - [7878-exec-4] healenium                        : [Save Elements] Request: By.xpath(//i[@class='oxd-icon bi-caret-down-fill oxd-userdropdown-icon']) 
2025-07-20 20:59:50.499  INFO 1 - [7878-exec-5] healenium                        : [Save Elements] Request: By.xpath(//a[@class='oxd-userdropdown-link' and text() = 'Logout']) 
2025-07-20 20:59:51.959  INFO 1 - [7878-exec-7] healenium                        : [Save Elements] Request: By.xpath(//input[@name="username"]) 
2025-07-20 21:01:16.434  INFO 1 - [7878-exec-3] healenium                        : [Save Elements] Request: By.xpath(//input[@name="username"]) 
2025-07-20 21:01:16.590  INFO 1 - [7878-exec-2] healenium                        : [Save Elements] Request: By.xpath(//input[@name="password"]) 
2025-07-20 21:01:16.661  INFO 1 - [7878-exec-4] healenium                        : [Save Elements] Request: By.xpath(//button[text() = ' Login ']) 
2025-07-20 21:01:20.510  INFO 1 - [7878-exec-5] healenium                        : [Save Elements] Request: By.xpath(//input[@name="username"]) 
2025-07-20 21:01:25.601  INFO 1 - [7878-exec-6] healenium                        : [Save Elements] Request: By.xpath(//input[@name="password"]) 
2025-07-20 21:01:25.659  INFO 1 - [7878-exec-7] healenium                        : [Save Elements] Request: By.xpath(//button[text() = ' Login ']) 
2025-07-20 21:01:27.380  INFO 1 - [7878-exec-9] healenium                        : [Save Elements] Request: By.xpath(//i[@class='oxd-icon bi-caret-down-fill oxd-userdropdown-icon']) 
2025-07-20 21:01:27.433  INFO 1 - [878-exec-10] healenium                        : [Save Elements] Request: By.xpath(//a[@class='oxd-userdropdown-link' and text() = 'Logout']) 
2025-07-20 21:01:27.966  INFO 1 - [7878-exec-1] healenium                        : [Save Elements] Request: By.xpath(//a[@class='oxd-userdropdown-link' and text() = 'Logout']) 
2025-07-20 21:01:29.686  INFO 1 - [7878-exec-2] healenium                        : [Save Elements] Request: By.xpath(//input[@name="username"]) 
2025-07-20 21:01:30.099  INFO 1 - [7878-exec-4] healenium                        : [Save Elements] Request: By.xpath(//input[@name="username"]) 
2025-07-20 21:01:30.140  INFO 1 - [7878-exec-5] healenium                        : [Save Elements] Request: By.xpath(//input[@name="password"]) 
2025-07-20 21:01:30.180  INFO 1 - [7878-exec-6] healenium                        : [Save Elements] Request: By.xpath(//button[text() = ' Login ']) 
2025-07-20 21:01:43.244  INFO 1 - [7878-exec-6] healenium                        : [Save Elements] Request: By.xpath((//li[@class='oxd-main-menu-item-wrapper'])[6]/a/span) 
2025-07-20 21:01:45.290  INFO 1 - [7878-exec-7] healenium                        : [Save Elements] Request: By.xpath(//i[@class='oxd-icon bi-caret-down-fill oxd-userdropdown-icon']) 
2025-07-20 21:01:45.407  INFO 1 - [7878-exec-8] healenium                        : [Save Elements] Request: By.xpath(//a[@class='oxd-userdropdown-link' and text() = 'Logout']) 
2025-07-20 21:01:46.674  INFO 1 - [878-exec-10] healenium                        : [Save Elements] Request: By.xpath(//input[@name="username"]) 
2025-07-20 21:02:07.499  INFO 1 - [7878-exec-6] healenium                        : [Save Elements] Request: By.xpath(//input[@name="username"]) 
2025-07-20 21:02:07.647  INFO 1 - [7878-exec-7] healenium                        : [Save Elements] Request: By.xpath(//input[@name="password"]) 
2025-07-20 21:02:07.714  INFO 1 - [7878-exec-8] healenium                        : [Save Elements] Request: By.xpath(//button[text() = ' Login ']) 
2025-07-20 21:02:10.818  INFO 1 - [878-exec-10] healenium                        : [Save Elements] Request: By.xpath(//input[@name="username"]) 
2025-07-20 21:02:15.943  INFO 1 - [7878-exec-2] healenium                        : [Save Elements] Request: By.xpath(//input[@name="password"]) 
2025-07-20 21:02:16.022  INFO 1 - [7878-exec-4] healenium                        : [Save Elements] Request: By.xpath(//button[text() = ' Login ']) 
2025-07-20 21:02:17.642  INFO 1 - [7878-exec-6] healenium                        : [Save Elements] Request: By.xpath(//i[@class='oxd-icon bi-caret-down-fill oxd-userdropdown-icon']) 
2025-07-20 21:02:17.691  INFO 1 - [7878-exec-7] healenium                        : [Save Elements] Request: By.xpath(//a[@class='oxd-userdropdown-link' and text() = 'Logout']) 
2025-07-20 21:02:18.225  INFO 1 - [7878-exec-8] healenium                        : [Save Elements] Request: By.xpath(//a[@class='oxd-userdropdown-link' and text() = 'Logout']) 
2025-07-20 21:02:20.006  INFO 1 - [878-exec-10] healenium                        : [Save Elements] Request: By.xpath(//input[@name="username"]) 
2025-07-20 21:02:20.546  INFO 1 - [7878-exec-3] healenium                        : [Save Elements] Request: By.xpath(//input[@name="username"]) 
2025-07-20 21:02:20.622  INFO 1 - [7878-exec-1] healenium                        : [Save Elements] Request: By.xpath(//input[@name="password"]) 
2025-07-20 21:02:20.670  INFO 1 - [7878-exec-2] healenium                        : [Save Elements] Request: By.xpath(//button[text() = ' Login ']) 
2025-07-20 21:02:26.017  INFO 1 - [7878-exec-4] healenium                        : [Save Elements] Request: By.xpath(//i[@class='oxd-icon bi-caret-down-fill oxd-userdropdown-icon']) 
2025-07-20 21:02:26.104  INFO 1 - [7878-exec-5] healenium                        : [Save Elements] Request: By.xpath(//a[@class='oxd-userdropdown-link' and text() = 'Logout']) 
2025-07-20 21:02:26.630  INFO 1 - [7878-exec-6] healenium                        : [Save Elements] Request: By.xpath(//a[@class='oxd-userdropdown-link' and text() = 'Logout']) 
2025-07-20 21:02:27.897  INFO 1 - [7878-exec-8] healenium                        : [Save Elements] Request: By.xpath(//input[@name="username"]) 
2025-07-20 21:02:50.145  INFO 1 - [7878-exec-2] healenium                        : [Save Elements] Request: By.xpath(//input[@name="username"]) 
2025-07-20 21:02:50.358  INFO 1 - [7878-exec-4] healenium                        : [Save Elements] Request: By.xpath(//input[@name="password"]) 
2025-07-20 21:02:50.432  INFO 1 - [7878-exec-5] healenium                        : [Save Elements] Request: By.xpath(//button[text() = ' Login ']) 
2025-07-20 21:02:54.248  INFO 1 - [7878-exec-6] healenium                        : [Save Elements] Request: By.xpath(//input[@name="username"]) 
2025-07-20 21:02:59.312  INFO 1 - [7878-exec-7] healenium                        : [Save Elements] Request: By.xpath(//input[@name="password"]) 
2025-07-20 21:02:59.368  INFO 1 - [7878-exec-8] healenium                        : [Save Elements] Request: By.xpath(//button[text() = ' Login ']) 
2025-07-20 21:03:01.203  INFO 1 - [878-exec-10] healenium                        : [Save Elements] Request: By.xpath(//i[@class='oxd-icon bi-caret-down-fill oxd-userdropdown-icon']) 
2025-07-20 21:03:01.343  INFO 1 - [7878-exec-3] healenium                        : [Save Elements] Request: By.xpath(//a[@class='oxd-userdropdown-link' and text() = 'Logout']) 
2025-07-20 21:03:01.875  INFO 1 - [7878-exec-1] healenium                        : [Save Elements] Request: By.xpath(//a[@class='oxd-userdropdown-link' and text() = 'Logout']) 
2025-07-20 21:03:03.189  INFO 1 - [7878-exec-4] healenium                        : [Save Elements] Request: By.xpath(//input[@name="username"]) 
2025-07-20 21:03:03.719  INFO 1 - [7878-exec-5] healenium                        : [Save Elements] Request: By.xpath(//input[@name="username"]) 
2025-07-20 21:03:03.769  INFO 1 - [7878-exec-6] healenium                        : [Save Elements] Request: By.xpath(//input[@name="password"]) 
2025-07-20 21:03:03.832  INFO 1 - [7878-exec-7] healenium                        : [Save Elements] Request: By.xpath(//button[text() = ' Login ']) 
2025-07-20 21:03:10.250  INFO 1 - [7878-exec-9] healenium                        : [Save Elements] Request: By.xpath(//i[@class='oxd-icon bi-caret-down-fill oxd-userdropdown-icon']) 
2025-07-20 21:03:10.397  INFO 1 - [878-exec-10] healenium                        : [Save Elements] Request: By.xpath(//a[@class='oxd-userdropdown-link' and text() = 'Logout']) 
2025-07-20 21:03:11.809  INFO 1 - [7878-exec-1] healenium                        : [Save Elements] Request: By.xpath(//input[@name="username"]) 
2025-07-20 21:04:02.228  INFO 1 - [7878-exec-7] healenium                        : [Save Elements] Request: By.xpath(//input[@name="username"]) 
2025-07-20 21:04:02.365  INFO 1 - [7878-exec-8] healenium                        : [Save Elements] Request: By.xpath(//input[@name="password"]) 
2025-07-20 21:04:02.428  INFO 1 - [7878-exec-9] healenium                        : [Save Elements] Request: By.xpath(//button[text() = ' Login ']) 
2025-07-20 21:04:05.516  INFO 1 - [878-exec-10] healenium                        : [Save Elements] Request: By.xpath(//input[@name="username"]) 
2025-07-20 21:04:10.582  INFO 1 - [7878-exec-3] healenium                        : [Save Elements] Request: By.xpath(//input[@name="password"]) 
2025-07-20 21:04:10.631  INFO 1 - [7878-exec-1] healenium                        : [Save Elements] Request: By.xpath(//button[text() = ' Login ']) 
2025-07-20 21:04:12.319  INFO 1 - [7878-exec-4] healenium                        : [Save Elements] Request: By.xpath(//i[@class='oxd-icon bi-caret-down-fill oxd-userdropdown-icon']) 
2025-07-20 21:04:12.374  INFO 1 - [7878-exec-5] healenium                        : [Save Elements] Request: By.xpath(//a[@class='oxd-userdropdown-link' and text() = 'Logout']) 
2025-07-20 21:04:12.906  INFO 1 - [7878-exec-6] healenium                        : [Save Elements] Request: By.xpath(//a[@class='oxd-userdropdown-link' and text() = 'Logout']) 
2025-07-20 21:04:14.749  INFO 1 - [7878-exec-8] healenium                        : [Save Elements] Request: By.xpath(//input[@name="username"]) 
2025-07-20 21:04:15.190  INFO 1 - [7878-exec-9] healenium                        : [Save Elements] Request: By.xpath(//input[@name="username"]) 
2025-07-20 21:04:15.235  INFO 1 - [878-exec-10] healenium                        : [Save Elements] Request: By.xpath(//input[@name="password"]) 
2025-07-20 21:04:15.301  INFO 1 - [7878-exec-3] healenium                        : [Save Elements] Request: By.xpath(//button[text() = ' Login ']) 
2025-07-20 21:04:45.693  INFO 1 - [7878-exec-8] healenium                        : [Save Elements] Request: By.xpath(//i[@class='oxd-icon bi-caret-down-fill oxd-userdropdown-icon']) 
2025-07-20 21:04:45.787  INFO 1 - [7878-exec-9] healenium                        : [Save Elements] Request: By.xpath(//a[@class='oxd-userdropdown-link' and text() = 'Logout']) 
2025-07-20 21:04:46.317  INFO 1 - [878-exec-10] healenium                        : [Save Elements] Request: By.xpath(//a[@class='oxd-userdropdown-link' and text() = 'Logout']) 
2025-07-20 21:04:46.848  INFO 1 - [7878-exec-3] healenium                        : [Save Elements] Request: By.xpath(//a[@class='oxd-userdropdown-link' and text() = 'Logout']) 
2025-07-20 21:04:47.385  INFO 1 - [7878-exec-1] healenium                        : [Save Elements] Request: By.xpath(//a[@class='oxd-userdropdown-link' and text() = 'Logout']) 
2025-07-20 21:04:47.926  INFO 1 - [7878-exec-2] healenium                        : [Save Elements] Request: By.xpath(//a[@class='oxd-userdropdown-link' and text() = 'Logout']) 
2025-07-20 21:04:48.461  INFO 1 - [7878-exec-4] healenium                        : [Save Elements] Request: By.xpath(//a[@class='oxd-userdropdown-link' and text() = 'Logout']) 
2025-07-20 21:04:48.989  INFO 1 - [7878-exec-5] healenium                        : [Save Elements] Request: By.xpath(//a[@class='oxd-userdropdown-link' and text() = 'Logout']) 
2025-07-20 21:04:49.533  INFO 1 - [7878-exec-6] healenium                        : [Save Elements] Request: By.xpath(//a[@class='oxd-userdropdown-link' and text() = 'Logout']) 
2025-07-20 21:04:50.071  INFO 1 - [7878-exec-7] healenium                        : [Save Elements] Request: By.xpath(//a[@class='oxd-userdropdown-link' and text() = 'Logout']) 
2025-07-20 21:04:50.618  INFO 1 - [7878-exec-8] healenium                        : [Save Elements] Request: By.xpath(//a[@class='oxd-userdropdown-link' and text() = 'Logout']) 
2025-07-20 21:04:51.152  INFO 1 - [7878-exec-9] healenium                        : [Save Elements] Request: By.xpath(//a[@class='oxd-userdropdown-link' and text() = 'Logout']) 
2025-07-20 21:04:51.679  INFO 1 - [878-exec-10] healenium                        : [Save Elements] Request: By.xpath(//a[@class='oxd-userdropdown-link' and text() = 'Logout']) 
2025-07-20 21:04:52.217  INFO 1 - [7878-exec-3] healenium                        : [Save Elements] Request: By.xpath(//a[@class='oxd-userdropdown-link' and text() = 'Logout']) 
2025-07-20 21:04:52.751  INFO 1 - [7878-exec-1] healenium                        : [Save Elements] Request: By.xpath(//a[@class='oxd-userdropdown-link' and text() = 'Logout']) 
2025-07-20 21:04:53.291  INFO 1 - [7878-exec-2] healenium                        : [Save Elements] Request: By.xpath(//a[@class='oxd-userdropdown-link' and text() = 'Logout']) 
2025-07-20 21:04:53.820  INFO 1 - [7878-exec-4] healenium                        : [Save Elements] Request: By.xpath(//a[@class='oxd-userdropdown-link' and text() = 'Logout']) 
2025-07-20 21:04:54.355  INFO 1 - [7878-exec-5] healenium                        : [Save Elements] Request: By.xpath(//a[@class='oxd-userdropdown-link' and text() = 'Logout']) 
2025-07-20 21:04:54.893  INFO 1 - [7878-exec-6] healenium                        : [Save Elements] Request: By.xpath(//a[@class='oxd-userdropdown-link' and text() = 'Logout']) 
2025-07-20 21:04:55.543  INFO 1 - [7878-exec-7] healenium                        : [Save Elements] Request: By.xpath(//a[@class='oxd-userdropdown-link' and text() = 'Logout']) 
2025-07-20 21:04:56.078  INFO 1 - [7878-exec-8] healenium                        : [Save Elements] Request: By.xpath(//a[@class='oxd-userdropdown-link' and text() = 'Logout']) 
2025-07-20 21:04:56.612  INFO 1 - [7878-exec-9] healenium                        : [Save Elements] Request: By.xpath(//a[@class='oxd-userdropdown-link' and text() = 'Logout']) 
2025-07-20 21:04:57.148  INFO 1 - [878-exec-10] healenium                        : [Save Elements] Request: By.xpath(//a[@class='oxd-userdropdown-link' and text() = 'Logout']) 
2025-07-20 21:04:57.680  INFO 1 - [7878-exec-3] healenium                        : [Save Elements] Request: By.xpath(//a[@class='oxd-userdropdown-link' and text() = 'Logout']) 
2025-07-20 21:04:58.209  INFO 1 - [7878-exec-1] healenium                        : [Save Elements] Request: By.xpath(//a[@class='oxd-userdropdown-link' and text() = 'Logout']) 
2025-07-20 21:04:58.736  INFO 1 - [7878-exec-2] healenium                        : [Save Elements] Request: By.xpath(//a[@class='oxd-userdropdown-link' and text() = 'Logout']) 
2025-07-20 21:04:59.270  INFO 1 - [7878-exec-4] healenium                        : [Save Elements] Request: By.xpath(//a[@class='oxd-userdropdown-link' and text() = 'Logout']) 
2025-07-20 21:04:59.805  INFO 1 - [7878-exec-5] healenium                        : [Save Elements] Request: By.xpath(//a[@class='oxd-userdropdown-link' and text() = 'Logout']) 
2025-07-20 21:05:00.341  INFO 1 - [7878-exec-6] healenium                        : [Save Elements] Request: By.xpath(//a[@class='oxd-userdropdown-link' and text() = 'Logout']) 
2025-07-20 21:05:00.870  INFO 1 - [7878-exec-7] healenium                        : [Save Elements] Request: By.xpath(//a[@class='oxd-userdropdown-link' and text() = 'Logout']) 
2025-07-20 21:05:01.415  INFO 1 - [7878-exec-8] healenium                        : [Save Elements] Request: By.xpath(//a[@class='oxd-userdropdown-link' and text() = 'Logout']) 
2025-07-20 21:05:01.952  INFO 1 - [7878-exec-9] healenium                        : [Save Elements] Request: By.xpath(//a[@class='oxd-userdropdown-link' and text() = 'Logout']) 
2025-07-20 21:05:02.483  INFO 1 - [878-exec-10] healenium                        : [Save Elements] Request: By.xpath(//a[@class='oxd-userdropdown-link' and text() = 'Logout']) 
2025-07-20 21:05:03.013  INFO 1 - [7878-exec-3] healenium                        : [Save Elements] Request: By.xpath(//a[@class='oxd-userdropdown-link' and text() = 'Logout']) 
2025-07-20 21:05:03.545  INFO 1 - [7878-exec-1] healenium                        : [Save Elements] Request: By.xpath(//a[@class='oxd-userdropdown-link' and text() = 'Logout']) 
2025-07-20 21:05:04.082  INFO 1 - [7878-exec-2] healenium                        : [Save Elements] Request: By.xpath(//a[@class='oxd-userdropdown-link' and text() = 'Logout']) 
2025-07-20 21:05:04.615  INFO 1 - [7878-exec-4] healenium                        : [Save Elements] Request: By.xpath(//a[@class='oxd-userdropdown-link' and text() = 'Logout']) 
2025-07-20 21:05:05.154  INFO 1 - [7878-exec-5] healenium                        : [Save Elements] Request: By.xpath(//a[@class='oxd-userdropdown-link' and text() = 'Logout']) 
2025-07-20 21:05:05.685  INFO 1 - [7878-exec-6] healenium                        : [Save Elements] Request: By.xpath(//a[@class='oxd-userdropdown-link' and text() = 'Logout']) 
2025-07-20 21:05:06.224  INFO 1 - [7878-exec-7] healenium                        : [Save Elements] Request: By.xpath(//a[@class='oxd-userdropdown-link' and text() = 'Logout']) 
2025-07-20 21:05:06.763  INFO 1 - [7878-exec-8] healenium                        : [Save Elements] Request: By.xpath(//a[@class='oxd-userdropdown-link' and text() = 'Logout']) 
2025-07-20 21:05:07.316  INFO 1 - [7878-exec-9] healenium                        : [Save Elements] Request: By.xpath(//a[@class='oxd-userdropdown-link' and text() = 'Logout']) 
2025-07-20 21:05:07.866  INFO 1 - [878-exec-10] healenium                        : [Save Elements] Request: By.xpath(//a[@class='oxd-userdropdown-link' and text() = 'Logout']) 
2025-07-20 21:05:08.416  INFO 1 - [7878-exec-3] healenium                        : [Save Elements] Request: By.xpath(//a[@class='oxd-userdropdown-link' and text() = 'Logout']) 
2025-07-20 21:05:08.958  INFO 1 - [7878-exec-1] healenium                        : [Save Elements] Request: By.xpath(//a[@class='oxd-userdropdown-link' and text() = 'Logout']) 
2025-07-20 21:05:09.530  INFO 1 - [7878-exec-2] healenium                        : [Save Elements] Request: By.xpath(//a[@class='oxd-userdropdown-link' and text() = 'Logout']) 
2025-07-20 21:05:10.097  INFO 1 - [7878-exec-4] healenium                        : [Save Elements] Request: By.xpath(//a[@class='oxd-userdropdown-link' and text() = 'Logout']) 
2025-07-20 21:05:10.648  INFO 1 - [7878-exec-5] healenium                        : [Save Elements] Request: By.xpath(//a[@class='oxd-userdropdown-link' and text() = 'Logout']) 
2025-07-20 21:05:11.187  INFO 1 - [7878-exec-6] healenium                        : [Save Elements] Request: By.xpath(//a[@class='oxd-userdropdown-link' and text() = 'Logout']) 
2025-07-20 21:05:11.720  INFO 1 - [7878-exec-7] healenium                        : [Save Elements] Request: By.xpath(//a[@class='oxd-userdropdown-link' and text() = 'Logout']) 
2025-07-20 21:05:12.260  INFO 1 - [7878-exec-8] healenium                        : [Save Elements] Request: By.xpath(//a[@class='oxd-userdropdown-link' and text() = 'Logout']) 
2025-07-20 21:05:12.802  INFO 1 - [7878-exec-9] healenium                        : [Save Elements] Request: By.xpath(//a[@class='oxd-userdropdown-link' and text() = 'Logout']) 
2025-07-20 21:05:13.335  INFO 1 - [878-exec-10] healenium                        : [Save Elements] Request: By.xpath(//a[@class='oxd-userdropdown-link' and text() = 'Logout']) 
2025-07-20 21:05:13.864  INFO 1 - [7878-exec-3] healenium                        : [Save Elements] Request: By.xpath(//a[@class='oxd-userdropdown-link' and text() = 'Logout']) 
2025-07-20 21:05:14.391  INFO 1 - [7878-exec-1] healenium                        : [Save Elements] Request: By.xpath(//a[@class='oxd-userdropdown-link' and text() = 'Logout']) 
2025-07-20 21:05:14.926  INFO 1 - [7878-exec-2] healenium                        : [Save Elements] Request: By.xpath(//a[@class='oxd-userdropdown-link' and text() = 'Logout']) 
2025-07-20 21:05:15.460  INFO 1 - [7878-exec-4] healenium                        : [Save Elements] Request: By.xpath(//a[@class='oxd-userdropdown-link' and text() = 'Logout']) 
2025-07-20 21:05:15.999  INFO 1 - [7878-exec-5] healenium                        : [Save Elements] Request: By.xpath(//a[@class='oxd-userdropdown-link' and text() = 'Logout']) 
2025-07-20 21:06:24.584  INFO 1 - [hutdownHook] ontainerEntityManagerFactoryBean : Closing JPA EntityManagerFactory for persistence unit 'default' 
2025-07-20 21:06:24.619  INFO 1 - [hutdownHook] c.z.hikari.HikariDataSource      : HikariPool-1 - Shutdown initiated... 
2025-07-20 21:06:24.628  INFO 1 - [hutdownHook] c.z.hikari.HikariDataSource      : HikariPool-1 - Shutdown completed. 
